// Jest Snapshot v1, https://goo.gl/fbAQLP

exports[`prueba en FirstApp debe de hacer match con el snapshot 1`] = `
<div>
  <h1
    data-testid="test-title"
  >
    Hola, soy goku
  </h1>
  <p>
    no hay subtitulo
  </p>
  <p>
    no hay subtitulo
  </p>
  <p>
    Alberth Campos
  </p>
</div>
`;
